// Vitest Snapshot v1, https://vitest.dev/guide/snapshot.html

exports[`Test ParentChild > view state > snapshot initial 1`] = `ReactWrapper {}`;

exports[`Test ParentChild view state snapshot initial 1`] = `
<div>
  <div
    key="0"
  >
    <div
      className="counter"
      id="sample-counter"
    >
      <button
        id="counter-sub"
        onClick={[Function]}
      >
        -
      </button>
      <span
        id="counter-value"
      >
        0
      </span>
      <button
        id="counter-add"
        onClick={[Function]}
      >
        +
      </button>
    </div>
  </div>
  <div
    key="1"
  >
    <div
      className="counter"
      id="sample-counter"
    >
      <button
        id="counter-sub"
        onClick={[Function]}
      >
        -
      </button>
      <span
        id="counter-value"
      >
        0
      </span>
      <button
        id="counter-add"
        onClick={[Function]}
      >
        +
      </button>
    </div>
  </div>
  <div
    key="2"
  >
    <div
      className="counter"
      id="sample-counter"
    >
      <button
        id="counter-sub"
        onClick={[Function]}
      >
        -
      </button>
      <span
        id="counter-value"
      >
        0
      </span>
      <button
        id="counter-add"
        onClick={[Function]}
      >
        +
      </button>
    </div>
  </div>
</div>
`;
