// Jest Snapshot v1, https://goo.gl/fbAQLP

exports[`Test ParentChild view state snapshot initial 1`] = `
<div>
  <div
    key="0"
  >
    <div
      className="counter"
    >
      <button
        onClick={[Function]}
      >
        -
      </button>
      <span>
        0
      </span>
      <button
        onClick={[Function]}
      >
        +
      </button>
    </div>
  </div>
  <div
    key="1"
  >
    <div
      className="counter"
    >
      <button
        onClick={[Function]}
      >
        -
      </button>
      <span>
        0
      </span>
      <button
        onClick={[Function]}
      >
        +
      </button>
    </div>
  </div>
  <div
    key="2"
  >
    <div
      className="counter"
    >
      <button
        onClick={[Function]}
      >
        -
      </button>
      <span>
        0
      </span>
      <button
        onClick={[Function]}
      >
        +
      </button>
    </div>
  </div>
</div>
`;
